============================= test session starts ==============================
platform linux -- Python 3.12.1, pytest-9.0.1, pluggy-1.6.0 -- /usr/local/py-utils/venvs/pytest/bin/python
cachedir: .pytest_cache
rootdir: /workspaces/dev.c
configfile: pyproject.toml
plugins: anyio-4.11.0
collecting ... collected 426 items

cpu_fallback_test.py::test_l6_cpu_search PASSED                          [  0%]
cpu_fallback_test.py::test_python_pattern_search PASSED                  [  0%]
cpu_fallback_test.py::test_dma_example PASSED                            [  0%]
test_api_client.py::test_api_info PASSED                                 [  0%]
test_api_client.py::test_health_check PASSED                             [  1%]
test_api_client.py::test_list_devices PASSED                             [  1%]
test_api_client.py::test_device_status PASSED                            [  1%]
test_api_client.py::test_cam_workflow PASSED                             [  1%]
test_api_client.py::test_huffman_workflow PASSED                         [  2%]
test_api_client.py::test_cluster_metrics PASSED                          [  2%]
test_api_client.py::test_containers PASSED                               [  2%]
test_api_client.py::test_economics PASSED                                [  2%]
test_api_client.py::test_device_history PASSED                           [  3%]
test_api_client.py::test_websocket_device FAILED                         [  3%]
test_api_client.py::test_websocket_cluster FAILED                        [  3%]
test_bridge_simple.py::test_l1_semantic_roundtrip PASSED                 [  3%]
test_bridge_simple.py::test_l2_structural_roundtrip PASSED               [  3%]
test_bridge_simple.py::test_l3_delta_roundtrip PASSED                    [  4%]
test_bridge_simple.py::test_l4_binary_roundtrip PASSED                   [  4%]
test_bridge_simple.py::test_full_pipeline_roundtrip PASSED               [  4%]
test_bridge_simple.py::test_sha256_integrity PASSED                      [  4%]
test_bridge_simple.py::test_type_consistency PASSED                      [  5%]
test_bridge_simple.py::test_throughput_benchmark PASSED                  [  5%]
test_bridge_simple.py::test_cobol_program_compression PASSED             [  5%]
test_chained_compression.py::test_chained_compression_integrity PASSED   [  5%]
test_chained_compression.py::test_dictionary_chain_integrity PASSED      [  6%]
test_chained_compression.py::test_large_data_compression PASSED          [  6%]
test_chained_compression.py::test_extreme_compression PASSED             [  6%]
test_chained_dictionary_system.py::TestDictionaryChain::test_chain_initialization PASSED [  6%]
test_chained_dictionary_system.py::TestDictionaryChain::test_add_mapping PASSED [  7%]
test_chained_dictionary_system.py::TestDictionaryChain::test_layer_key_derivation FAILED [  7%]
test_chained_dictionary_system.py::TestDictionaryChain::test_chain_integrity_verification FAILED [  7%]
test_chained_dictionary_system.py::TestDictionaryManager::test_manager_initialization FAILED [  7%]
test_chained_dictionary_system.py::TestDictionaryManager::test_adaptive_dictionary_building PASSED [  7%]
test_chained_dictionary_system.py::TestDictionaryManager::test_dictionary_registration PASSED [  8%]
test_chained_dictionary_system.py::TestChainedCompression::test_basic_compress_chained FAILED [  8%]
test_chained_dictionary_system.py::TestChainedCompression::test_compress_decompress_basic_block FAILED [  8%]
test_chained_dictionary_system.py::TestChainedCompression::test_compress_decompress_text FAILED [  8%]
test_chained_dictionary_system.py::TestChainedCompression::test_compress_decompress_binary FAILED [  9%]
test_chained_dictionary_system.py::TestChainedCompression::test_compress_decompress_json FAILED [  9%]
test_chained_dictionary_system.py::TestChainedCompression::test_integrity_hash_verification FAILED [  9%]
test_chained_dictionary_system.py::TestChainedCompression::test_empty_data FAILED [  9%]
test_chained_dictionary_system.py::TestChainedCompression::test_large_data FAILED [ 10%]
test_chained_dictionary_system.py::TestChainedCompression::test_multiple_block_compression FAILED [ 10%]
test_chained_dictionary_system.py::TestChainedCompression::test_high_entropy_data_skipped FAILED [ 10%]
test_chained_dictionary_system.py::TestLosslessIntegrity::test_various_data_types FAILED [ 10%]
test_chained_dictionary_system.py::TestLosslessIntegrity::test_metadata_consistency FAILED [ 11%]
test_chained_dictionary_system.py::TestLosslessIntegrity::test_dictionary_chain_preservation FAILED [ 11%]
test_chained_dictionary_system.py::TestDictionaryEncryption::test_dictionary_encryption_decryption FAILED [ 11%]
test_cobol_v16.py::TestDAGPipeline::test_codec_registry PASSED           [ 11%]
test_cobol_v16.py::TestDAGPipeline::test_entropy_calculation PASSED      [ 11%]
test_cobol_v16.py::TestDAGPipeline::test_fast_path_compression PASSED    [ 12%]
test_cobol_v16.py::TestDAGPipeline::test_health_monitor PASSED           [ 12%]
test_cobol_v16.py::TestDAGPipeline::test_pipeline_initialization PASSED  [ 12%]
test_cobol_v16.py::TestCodecSwitching::test_codec_fallback PASSED        [ 12%]
test_cobol_v16.py::TestCodecSwitching::test_deflate_codec PASSED         [ 13%]
test_cobol_v16.py::TestCodecSwitching::test_lz4_codec PASSED             [ 13%]
test_cobol_v16.py::TestHierarchicalDictionary::test_dictionary_add_and_lookup PASSED [ 13%]
test_cobol_v16.py::TestHierarchicalDictionary::test_dictionary_frequencies PASSED [ 13%]
test_cobol_v16.py::TestHierarchicalDictionary::test_hierarchical_structure PASSED [ 14%]
test_cobol_v16.py::TestCostModel::test_path_cost_estimation PASSED       [ 14%]
test_cobol_v16.py::TestCostModel::test_path_selection PASSED             [ 14%]
test_cobol_v16.py::TestCostModel::test_result_recording PASSED           [ 14%]
test_cobol_v16.py::TestHeterogeneousOrchestrator::test_device_pool_detection PASSED [ 15%]
test_cobol_v16.py::TestHeterogeneousOrchestrator::test_gpu_upstream PASSED [ 15%]
test_cobol_v16.py::TestHeterogeneousOrchestrator::test_heterogeneous_compression PASSED [ 15%]
test_cobol_v16.py::TestCOBOLv16::test_adaptive_routing PASSED            [ 15%]
test_cobol_v16.py::TestCOBOLv16::test_compression_roundtrip PASSED       [ 15%]
test_cobol_v16.py::TestCOBOLv16::test_engine_initialization PASSED       [ 16%]
test_cobol_v16.py::TestCOBOLv16::test_engine_status PASSED               [ 16%]
test_cobol_v16.py::TestCOBOLv16::test_high_ratio_mode PASSED             [ 16%]
test_cobol_v16.py::TestCOBOLv16::test_multiple_data_types PASSED         [ 16%]
test_cobol_v16.py::TestCOBOLv16::test_strategy_negotiation FAILED        [ 17%]
test_cobol_v16.py::TestPerformance::test_compression_throughput FAILED   [ 17%]
test_cobol_v16.py::TestPerformance::test_scalability PASSED              [ 17%]
test_engine.py::TestVarIntCodec::test_encode_small_integer PASSED        [ 17%]
test_engine.py::TestVarIntCodec::test_encode_large_integer PASSED        [ 18%]
test_engine.py::TestVarIntCodec::test_decode_simple PASSED               [ 18%]
test_engine.py::TestVarIntCodec::test_roundtrip PASSED                   [ 18%]
test_engine.py::TestDictionary::test_add_mapping PASSED                  [ 18%]
test_engine.py::TestDictionary::test_serialize_deserialize PASSED        [ 19%]
test_engine.py::TestDictionaryManager::test_initialization PASSED        [ 19%]
test_engine.py::TestDictionaryManager::test_build_adaptive_dictionary PASSED [ 19%]
test_engine.py::TestAdaptiveEntropyDetector::test_entropy_calculation_low_entropy PASSED [ 19%]
test_engine.py::TestAdaptiveEntropyDetector::test_entropy_calculation_high_entropy PASSED [ 19%]
test_engine.py::TestAdaptiveEntropyDetector::test_skip_compression_decision PASSED [ 20%]
test_engine.py::TestAdaptiveEntropyDetector::test_entropy_cache PASSED   [ 20%]
test_engine.py::TestLayer1SemanticMapper::test_semantic_compression_basic FAILED [ 20%]
test_engine.py::TestLayer1SemanticMapper::test_semantic_decompression_roundtrip FAILED [ 20%]
test_engine.py::TestLayer1SemanticMapper::test_semantic_with_special_characters FAILED [ 21%]
test_engine.py::TestLayer1SemanticMapper::test_semantic_spacing_edge_cases FAILED [ 21%]
test_engine.py::TestLayer1SemanticMapper::test_delta_high_variance_numeric FAILED [ 21%]
test_engine.py::TestLayer1SemanticMapper::test_sha256_integrity_post_decompression FAILED [ 21%]
test_engine.py::TestLayer3DeltaEncoder::test_delta_compression_numeric FAILED [ 22%]
test_engine.py::TestLayer3DeltaEncoder::test_delta_decompression_roundtrip FAILED [ 22%]
test_engine.py::TestLayer3DeltaEncoder::test_delta_on_monotonic_data FAILED [ 22%]
test_engine.py::TestCobolEngine::test_engine_initialization FAILED       [ 22%]
test_engine.py::TestCobolEngine::test_compress_empty_block FAILED        [ 23%]
test_engine.py::TestCobolEngine::test_compress_text_block FAILED         [ 23%]
test_engine.py::TestCobolEngine::test_compress_decompress_roundtrip FAILED [ 23%]
test_engine.py::TestCobolEngine::test_engine_statistics FAILED           [ 23%]
test_engine.py::TestCobolEngine::test_statistics_reset FAILED            [ 23%]
test_engine.py::TestCobolEngine::test_high_entropy_data_skipped FAILED   [ 24%]
test_engine.py::TestCobolEngine::test_compression_ratio_tracking FAILED  [ 24%]
test_engine.py::TestCobolEngine::test_entropy_cache PASSED               [ 24%]
test_engine.py::TestLayer8RegistryAndEngine::test_registry_and_layer8_roundtrip PASSED [ 24%]
test_engine.py::TestLayer8RegistryAndEngine::test_extreme_engine_pipeline FAILED [ 25%]
test_engine.py::TestIntegration::test_multi_block_compression FAILED     [ 25%]
test_engine.py::TestIntegration::test_metadata_serialization FAILED      [ 25%]
test_engine.py::TestCryptographicComponents::test_global_pattern_registry FAILED [ 25%]
test_engine.py::TestCryptographicComponents::test_cryptographic_wrapper FAILED [ 26%]
test_engine.py::TestCryptographicComponents::test_ciphertext_indistinguishability FAILED [ 26%]
test_engine.py::TestCryptographicComponents::test_mathematical_shuffler PASSED [ 26%]
test_engine.py::TestCryptographicComponents::test_layer_chaining_key_derivation PASSED [ 26%]
test_engine.py::TestSecurityByCompressionIntegration::test_full_compression_decompression_cycle FAILED [ 26%]
test_engine.py::TestSecurityByCompressionIntegration::test_layer_8_hardening FAILED [ 27%]
test_engine.py::TestSecurityByCompressionIntegration::test_bit_corruption_detection FAILED [ 27%]
test_engine.py::TestSecurityByCompressionIntegration::test_zero_knowledge_header_verification FAILED [ 27%]
test_engine.py::TestSecurityByCompressionIntegration::test_polymorphic_encryption_with_custom_dict FAILED [ 27%]
test_engine.py::TestPerformance::test_compression_throughput_estimator FAILED [ 28%]
test_engine.py::TestPerformance::test_dictionary_lookup_performance PASSED [ 28%]
test_gpu_acceleration.py::TestGPUAccelerator::test_device_info PASSED    [ 28%]
test_gpu_acceleration.py::TestGPUAccelerator::test_entropy_computation_basic PASSED [ 28%]
test_gpu_acceleration.py::TestGPUAccelerator::test_entropy_incompressible PASSED [ 29%]
test_gpu_acceleration.py::TestGPUAccelerator::test_entropy_random_data PASSED [ 29%]
test_gpu_acceleration.py::TestGPUAccelerator::test_entropy_repetitive_data PASSED [ 29%]
test_gpu_acceleration.py::TestGPUAccelerator::test_pattern_extraction PASSED [ 29%]
test_gpu_acceleration.py::TestGPUAccelerator::test_throughput_metric PASSED [ 30%]
test_gpu_acceleration.py::TestGPUUpstream::test_fallback_mechanism PASSED [ 30%]
test_gpu_acceleration.py::TestGPUUpstream::test_gpu_metrics_retrieval PASSED [ 30%]
test_gpu_acceleration.py::TestGPUUpstream::test_upstream_entropy_calculation PASSED [ 30%]
test_gpu_acceleration.py::TestGPUUpstream::test_upstream_pattern_finding PASSED [ 30%]
test_gpu_acceleration.py::TestGPUPerformance::test_benchmark_suite PASSED [ 31%]
test_gpu_acceleration.py::TestGPUPerformance::test_cpu_vs_gpu_small_data PASSED [ 31%]
test_gpu_acceleration.py::TestGPUPerformance::test_pattern_extraction_speed PASSED [ 31%]
test_gpu_acceleration.py::TestGPUPerformance::test_throughput_large_data PASSED [ 31%]
test_gpu_acceleration.py::TestDevicePoolGPU::test_device_detection PASSED [ 32%]
test_gpu_acceleration.py::TestDevicePoolGPU::test_device_metrics_update PASSED [ 32%]
test_hpc_engine.py::TestSharedMemoryEngine::test_init PASSED             [ 32%]
test_hpc_engine.py::TestSharedMemoryEngine::test_unique_names PASSED     [ 32%]
test_hpc_engine.py::TestSharedMemoryEngine::test_compress_small_data PASSED [ 33%]
test_hpc_engine.py::TestSharedMemoryEngine::test_compress_with_pattern_detection PASSED [ 33%]
test_hpc_engine.py::TestSharedMemoryEngine::test_compress_chunked PASSED [ 33%]
test_hpc_engine.py::TestSharedMemoryEngine::test_zero_copy_property PASSED [ 33%]
test_hpc_engine.py::TestSharedMemoryEngine::test_get_stats PASSED        [ 34%]
test_hpc_engine.py::TestSharedMemoryEngine::test_memory_cleanup PASSED   [ 34%]
test_hpc_engine.py::TestChunkParallelEngine::test_init PASSED            [ 34%]
test_hpc_engine.py::TestChunkParallelEngine::test_custom_chunk_size PASSED [ 34%]
test_hpc_engine.py::TestChunkParallelEngine::test_single_chunk_compression PASSED [ 34%]
test_hpc_engine.py::TestChunkParallelEngine::test_multi_chunk_compression PASSED [ 35%]
test_hpc_engine.py::TestChunkParallelEngine::test_chunk_order_preservation PASSED [ 35%]
test_hpc_engine.py::TestChunkParallelEngine::test_empty_data FAILED      [ 35%]
test_hpc_engine.py::TestChunkParallelEngine::test_compression_function_exceptions PASSED [ 35%]
test_hpc_engine.py::TestChunkParallelEngine::test_get_stats PASSED       [ 36%]
test_hpc_engine.py::TestHybridHPCEngine::test_init PASSED                [ 36%]
test_hpc_engine.py::TestHybridHPCEngine::test_small_data_path FAILED     [ 36%]
test_hpc_engine.py::TestHybridHPCEngine::test_large_data_path PASSED     [ 36%]
test_hpc_engine.py::TestHybridHPCEngine::test_benchmark_logging PASSED   [ 37%]
test_hpc_engine.py::TestHybridHPCEngine::test_get_stats PASSED           [ 37%]
test_hpc_engine.py::TestHybridHPCEngine::test_roundtrip_integrity 